// Jest Snapshot v1, https://goo.gl/fbAQLP

exports[`Snapshot 1`] = `
<div
  className="container"
>
  <h1
    className="h1"
  >
    Um site do webedia group
  </h1>
  <nav
    className="navbar navbar-default"
    role="navigation"
  >
    <div
      className="container"
    >
      <ul
        className="nav nav-justified"
      >
        <li
          className="menuItem"
        >
          <a
            className="menuText"
            href="#"
          >
            Lorem Ipsum
          </a>
        </li>
        <li
          className="menuItem"
        >
          <a
            className="menuText"
            href="#"
          >
            Lorem Ipsum
          </a>
        </li>
        <li
          className="menuItem"
        >
          <a
            className="menuText"
            href="#"
          >
            Lorem Ipsum
          </a>
        </li>
        <li
          className="menuItem"
        >
          <a
            className="menuText"
            href="#"
          >
            Lorem Ipsum
          </a>
        </li>
        <li
          className="menuItem"
        >
          <a
            className="menuText"
            href="#"
          >
            Lorem Ipsum
          </a>
        </li>
        <li
          className="menuItem"
        >
          <a
            className="menuText"
            href="#"
          >
            Lorem Ipsum
          </a>
        </li>
        <li
          className="menuItem"
        >
          <a
            className="menuText"
            href="#"
          >
            Lorem Ipsum
          </a>
        </li>
        <li
          className="menuItem"
        >
          <a
            className="menuText"
            href="#"
          >
            Lorem Ipsum
          </a>
        </li>
        <li
          className="menuItem"
        >
          <a
            className="menuText"
            href="#"
          >
            Lorem Ipsum
          </a>
        </li>
        <li
          className="menuItem"
        >
          <a
            className="menuText"
            href="#"
          >
            Lorem Ipsum
          </a>
        </li>
      </ul>
    </div>
  </nav>
</div>
`;
