// Jest Snapshot v1, https://goo.gl/fbAQLP

exports[`Snapshot 1`] = `
<div
  className="container"
>
  <h1
    className="h1"
  >
    Um site do webedia group
  </h1>
  <nav
    className="navbar navbar-default"
    role="navigation"
  >
    <div
      className="container"
    >
      <ul
        className="nav nav-justified"
      >
        <li
          className="menuItem"
        >
          <a
            className="menuText"
            href="#"
          >
            Lorem Ipsum
          </a>
        </li>
        <li
          className="menuItem"
        >
          <a
            className="menuText"
            href="#"
          >
            Lorem Ipsum
          </a>
        </li>
        <li
          className="menuItem"
        >
          <a
            className="menuText"
            href="#"
          >
            Lorem Ipsum
          </a>
        </li>
        <li
          className="menuItem"
        >
          <a
            className="menuText"
            href="#"
          >
            Lorem Ipsum
          </a>
        </li>
        <li
          className="menuItem"
        >
          <a
            className="menuText"
            href="#"
          >
            Lorem Ipsum
          </a>
        </li>
        <li
          className="menuItem"
        >
          <a
            className="menuText"
            href="#"
          >
            Lorem Ipsum
          </a>
        </li>
        <li
          className="menuItem"
        >
          <a
            className="menuText"
            href="#"
          >
            Lorem Ipsum
          </a>
        </li>
        <li
          className="menuItem"
        >
          <a
            className="menuText"
            href="#"
          >
            Lorem Ipsum
          </a>
        </li>
        <li
          className="menuItem"
        >
          <a
            className="menuText"
            href="#"
          >
            Lorem Ipsum
          </a>
        </li>
        <li
          className="menuItem"
        >
          <a
            className="menuText"
            href="#"
          >
            Lorem Ipsum
          </a>
        </li>
      </ul>
    </div>
  </nav>
  <section
    className="container"
  >
    <div
      className="card"
    >
      <h1>
        title
      </h1>
      <h2>
        description
      </h2>
      <img
        src="http://www.fragil.org/wp-content/themes/courage/assets/images/placeholder_featured_image.svg"
      />
      <h1>
        subTitle
      </h1>
      <p>
        content
      </p>
    </div>
  </section>
</div>
`;
