// Jest Snapshot v1, https://goo.gl/fbAQLP

exports[`Snapshot 1`] = `
<nav
  className="navbar navbar-default"
  role="navigation"
>
  <div
    className="container"
  >
    <ul
      className="nav nav-justified"
    >
      <li
        className="menuItem"
      >
        <a
          className="menuText"
          href="/blog/1"
          onClick={[Function]}
        >
          Home
        </a>
      </li>
      <li
        className="menuItem"
      >
        <a
          className="menuText"
          href="#"
        >
          Lorem Ipsum
        </a>
      </li>
      <li
        className="menuItem"
      >
        <a
          className="menuText"
          href="#"
        >
          Lorem Ipsum
        </a>
      </li>
      <li
        className="menuItem"
      >
        <a
          className="menuText"
          href="#"
        >
          Lorem Ipsum
        </a>
      </li>
      <li
        className="menuItem"
      >
        <a
          className="menuText"
          href="#"
        >
          Lorem Ipsum
        </a>
      </li>
      <li
        className="menuItem"
      >
        <a
          className="menuText"
          href="#"
        >
          Lorem Ipsum
        </a>
      </li>
      <li
        className="menuItem"
      >
        <a
          className="menuText"
          href="#"
        >
          Lorem Ipsum
        </a>
      </li>
      <li
        className="menuItem"
      >
        <a
          className="menuText"
          href="#"
        >
          Lorem Ipsum
        </a>
      </li>
      <li
        className="menuItem"
      >
        <a
          className="menuText"
          href="#"
        >
          Lorem Ipsum
        </a>
      </li>
      <li
        className="menuItem"
      >
        <a
          className="menuText"
          href="/admin"
          onClick={[Function]}
        >
          Admin
        </a>
      </li>
    </ul>
  </div>
</nav>
`;
