// Jest Snapshot v1, https://goo.gl/fbAQLP

exports[`Snapshot 1`] = `
<div
  className="col-sm-6"
>
  <a
    href="#"
  >
    <div
      className="card"
    >
      <div
        className="container"
      >
        <h1
          className="title"
        >
          title
        </h1>
        <img
          className="image"
          src="http://www.fragil.org/wp-content/themes/courage/assets/images/placeholder_featured_image.svg"
        />
      </div>
    </div>
  </a>
</div>
`;
