// Jest Snapshot v1, https://goo.gl/fbAQLP

exports[`Snapshot 1`] = `
<div
  className="card"
>
  <div
    className="container"
  >
    <h1
      className="title"
    >
      title
    </h1>
    <h2>
      description
    </h2>
    <img
      className="image"
      src="http://www.fragil.org/wp-content/themes/courage/assets/images/placeholder_featured_image.svg"
    />
    <div
      className="contentArea"
    >
      <h1
        className="subTitle"
      >
        subTitle
      </h1>
      <p>
        content
      </p>
    </div>
  </div>
</div>
`;
